
==========================================================================
gpl-pnr check_setup
--------------------------------------------------------------------------
0

==========================================================================
gpl-pnr report_tns
--------------------------------------------------------------------------
tns max 0.00

==========================================================================
gpl-pnr report_wns
--------------------------------------------------------------------------
wns max 0.00

==========================================================================
gpl-pnr report_worst_slack
--------------------------------------------------------------------------
worst slack max 44999.57

==========================================================================
gpl-pnr report_checks -path_delay min
--------------------------------------------------------------------------
[WARNING STA-0168] unknown field nets.
Startpoint: _45595_ (rising edge-triggered flip-flop clocked by clk)
Endpoint: _45595_ (rising edge-triggered flip-flop clocked by clk)
Path Group: clk
Path Type: min
Corner: ff

Fanout     Cap    Slew   Delay    Time   Description
-----------------------------------------------------------------------------
                  0.00    0.00    0.00   clock clk (rise edge)
                          0.00    0.00   clock network delay (ideal)
                  0.00    0.00    0.00 ^ _45595_/CLK (sg13g2_dfrbpq_1)
     3    0.01    0.02    0.11    0.11 v _45595_/Q (sg13g2_dfrbpq_1)
                  0.02    0.00    0.11 v _38577_/B2 (sg13g2_a22oi_1)
     1    0.00    0.04    0.04    0.15 ^ _38577_/Y (sg13g2_a22oi_1)
                  0.04    0.00    0.15 ^ _38578_/A2 (sg13g2_o21ai_1)
     1    0.00    0.02    0.03    0.18 v _38578_/Y (sg13g2_o21ai_1)
                  0.02    0.00    0.18 v _45595_/D (sg13g2_dfrbpq_1)
                                  0.18   data arrival time

                  0.00    0.00    0.00   clock clk (rise edge)
                          0.00    0.00   clock network delay (ideal)
                          0.00    0.00   clock reconvergence pessimism
                                  0.00 ^ _45595_/CLK (sg13g2_dfrbpq_1)
                         -0.02   -0.02   library hold time
                                 -0.02   data required time
-----------------------------------------------------------------------------
                                 -0.02   data required time
                                 -0.18   data arrival time
-----------------------------------------------------------------------------
                                  0.21   slack (MET)



==========================================================================
gpl-pnr report_checks -path_delay max
--------------------------------------------------------------------------
[WARNING STA-0168] unknown field nets.
Startpoint: _45528_ (rising edge-triggered flip-flop clocked by clk)
Endpoint: _45528_ (rising edge-triggered flip-flop clocked by clk)
Path Group: clk
Path Type: max
Corner: tt

Fanout     Cap    Slew   Delay    Time   Description
-----------------------------------------------------------------------------
                  0.00    0.00    0.00   clock clk (rise edge)
                          0.00    0.00   clock network delay (ideal)
                  0.00    0.00    0.00 ^ _45528_/CLK (sg13g2_dfrbpq_1)
     3    0.01    0.05    0.17    0.17 ^ _45528_/Q (sg13g2_dfrbpq_1)
                  0.05    0.00    0.17 ^ _38429_/B2 (sg13g2_a22oi_1)
     1    0.00    0.07    0.05    0.22 v _38429_/Y (sg13g2_a22oi_1)
                  0.07    0.00    0.22 v _38430_/A2 (sg13g2_o21ai_1)
     1    0.00    0.06    0.08    0.30 ^ _38430_/Y (sg13g2_o21ai_1)
                  0.06    0.00    0.30 ^ _45528_/D (sg13g2_dfrbpq_1)
                                  0.30   data arrival time

                  0.00 50000.00 50000.00   clock clk (rise edge)
                          0.00 50000.00   clock network delay (ideal)
                       -5000.00 45000.00   clock uncertainty
                          0.00 45000.00   clock reconvergence pessimism
                               45000.00 ^ _45528_/CLK (sg13g2_dfrbpq_1)
                         -0.13 44999.88   library setup time
                               44999.88   data required time
-----------------------------------------------------------------------------
                               44999.88   data required time
                                 -0.30   data arrival time
-----------------------------------------------------------------------------
                               44999.57   slack (MET)



==========================================================================
gpl-pnr report_checks -unconstrained
--------------------------------------------------------------------------
[WARNING STA-0168] unknown field nets.
Startpoint: _45528_ (rising edge-triggered flip-flop clocked by clk)
Endpoint: _45528_ (rising edge-triggered flip-flop clocked by clk)
Path Group: clk
Path Type: max
Corner: tt

Fanout     Cap    Slew   Delay    Time   Description
-----------------------------------------------------------------------------
                  0.00    0.00    0.00   clock clk (rise edge)
                          0.00    0.00   clock network delay (ideal)
                  0.00    0.00    0.00 ^ _45528_/CLK (sg13g2_dfrbpq_1)
     3    0.01    0.05    0.17    0.17 ^ _45528_/Q (sg13g2_dfrbpq_1)
                  0.05    0.00    0.17 ^ _38429_/B2 (sg13g2_a22oi_1)
     1    0.00    0.07    0.05    0.22 v _38429_/Y (sg13g2_a22oi_1)
                  0.07    0.00    0.22 v _38430_/A2 (sg13g2_o21ai_1)
     1    0.00    0.06    0.08    0.30 ^ _38430_/Y (sg13g2_o21ai_1)
                  0.06    0.00    0.30 ^ _45528_/D (sg13g2_dfrbpq_1)
                                  0.30   data arrival time

                  0.00 50000.00 50000.00   clock clk (rise edge)
                          0.00 50000.00   clock network delay (ideal)
                       -5000.00 45000.00   clock uncertainty
                          0.00 45000.00   clock reconvergence pessimism
                               45000.00 ^ _45528_/CLK (sg13g2_dfrbpq_1)
                         -0.13 44999.88   library setup time
                               44999.88   data required time
-----------------------------------------------------------------------------
                               44999.88   data required time
                                 -0.30   data arrival time
-----------------------------------------------------------------------------
                               44999.57   slack (MET)



==========================================================================
gpl-pnr report_check_types -max_slew -max_cap -max_fanout -violators
--------------------------------------------------------------------------

==========================================================================
gpl-pnr max_slew_check_slack
--------------------------------------------------------------------------
2.2780230045318604

==========================================================================
gpl-pnr max_slew_check_limit
--------------------------------------------------------------------------
2.5074000358581543

==========================================================================
gpl-pnr max_slew_check_slack_limit
--------------------------------------------------------------------------
0.9085

==========================================================================
gpl-pnr max_fanout_check_slack
--------------------------------------------------------------------------
-2.0

==========================================================================
gpl-pnr max_fanout_check_limit
--------------------------------------------------------------------------
8.0

==========================================================================
gpl-pnr max_fanout_check_slack_limit
--------------------------------------------------------------------------
-0.2500

==========================================================================
gpl-pnr max_capacitance_check_slack
--------------------------------------------------------------------------
0.24447500705718994

==========================================================================
gpl-pnr max_capacitance_check_limit
--------------------------------------------------------------------------
0.30000001192092896

==========================================================================
gpl-pnr max_capacitance_check_slack_limit
--------------------------------------------------------------------------
0.8149

==========================================================================
gpl-pnr max_slew_violation_count
--------------------------------------------------------------------------
max slew violation count 0

==========================================================================
gpl-pnr max_fanout_violation_count
--------------------------------------------------------------------------
max fanout violation count 3039

==========================================================================
gpl-pnr max_cap_violation_count
--------------------------------------------------------------------------
max cap violation count 0

==========================================================================
gpl-pnr setup_violation_count
--------------------------------------------------------------------------
setup violation count 0

==========================================================================
gpl-pnr hold_violation_count
--------------------------------------------------------------------------
hold violation count 0

==========================================================================
gpl-pnr critical path delay
--------------------------------------------------------------------------
0.3035

==========================================================================
gpl-pnr critical path slack
--------------------------------------------------------------------------
44999.5742

==========================================================================
gpl-pnr slack div critical path delay
--------------------------------------------------------------------------
14826877.825371

==========================================================================
gpl-pnr report_power tt
--------------------------------------------------------------------------
Group                  Internal  Switching    Leakage      Total
                          Power      Power      Power      Power (Watts)
----------------------------------------------------------------
Sequential             5.73e-06   2.96e-07   2.03e-06   8.06e-06  62.9%
Combinational          8.91e-07   4.61e-07   3.41e-06   4.76e-06  37.1%
Clock                  0.00e+00   0.00e+00   0.00e+00   0.00e+00   0.0%
Macro                  0.00e+00   0.00e+00   0.00e+00   0.00e+00   0.0%
Pad                    0.00e+00   0.00e+00   0.00e+00   0.00e+00   0.0%
----------------------------------------------------------------
Total                  6.62e-06   7.57e-07   5.44e-06   1.28e-05 100.0%
                          51.7%       5.9%      42.4%

==========================================================================
gpl-pnr report_design_area
--------------------------------------------------------------------------

==========================================================================
gpl-pnr area by hierarchy
--------------------------------------------------------------------------

--------------------------------------------------------------------------------
Design Area Summary
--------------------------------------------------------------------------------
Die Area:              521926.778025 um2
Core Area:             521558.352 um2
Total Area:            443640.7584 um2
Total Active Area:     443640.7584 um2

Core Utilization:      0.8506061818371571
Std Cell Utilization:  0.8506061818371571

--------------------------------------------------------------------------------
Hierarchical Area Report
--------------------------------------------------------------------------------
                                                                                Global Area (um^2)                                                              Global Instances                                                                Local Area (um^2)                                                               Local Instances
                                                                                ------------------------------------------------------------------------------- ------------------------------------------------------------------------------- ------------------------------------------------------------------------------- ----------------------------------------------------------------------------
Hierarchy Name                                                                  Total           StdCell         Macro           Cover           Pad             Total           StdCell         Macro           Cover           Pad             Total           StdCell         Macro           Cover           Pad             Total           StdCell         Macro           Cover           Pad             
-----------------------------------------------------------------------------------------------------------------------------------------------------------------------------------------------------------------------------------------------------------------------------------------------------------------------------------------------------------------------------------------------------------
<top>                                                                           443640.758      443640.758      0.000           0.000           0.000           26988           26988           0               0               0               443640.758      443640.758      0.000           0.000           0.000           26988           26988           0               0               0               
