
==========================================================================
gpl-regfile.csv check_setup
--------------------------------------------------------------------------
0

==========================================================================
gpl-regfile.csv report_tns
--------------------------------------------------------------------------
tns max 0.00

==========================================================================
gpl-regfile.csv report_wns
--------------------------------------------------------------------------
wns max 0.00

==========================================================================
gpl-regfile.csv report_worst_slack
--------------------------------------------------------------------------
worst slack max 44999.62

==========================================================================
gpl-regfile.csv report_checks -path_delay min
--------------------------------------------------------------------------
[WARNING STA-0168] unknown field nets.
Startpoint: _23021_ (rising edge-triggered flip-flop clocked by clk)
Endpoint: _23021_ (rising edge-triggered flip-flop clocked by clk)
Path Group: clk
Path Type: min
Corner: ff

Fanout     Cap    Slew   Delay    Time   Description
-----------------------------------------------------------------------------
                  0.00    0.00    0.00   clock clk (rise edge)
                          0.00    0.00   clock network delay (ideal)
                  0.00    0.00    0.00 ^ _23021_/CLK (sg13g2_dfrbpq_1)
     2    0.01    0.02    0.11    0.11 v _23021_/Q (sg13g2_dfrbpq_1)
                  0.02    0.00    0.11 v _11746_/A1 (sg13g2_a21o_1)
     1    0.00    0.01    0.06    0.17 v _11746_/X (sg13g2_a21o_1)
                  0.01    0.00    0.17 v _23021_/D (sg13g2_dfrbpq_1)
                                  0.17   data arrival time

                  0.00    0.00    0.00   clock clk (rise edge)
                          0.00    0.00   clock network delay (ideal)
                          0.00    0.00   clock reconvergence pessimism
                                  0.00 ^ _23021_/CLK (sg13g2_dfrbpq_1)
                         -0.02   -0.02   library hold time
                                 -0.02   data required time
-----------------------------------------------------------------------------
                                 -0.02   data required time
                                 -0.17   data arrival time
-----------------------------------------------------------------------------
                                  0.19   slack (MET)



==========================================================================
gpl-regfile.csv report_checks -path_delay max
--------------------------------------------------------------------------
[WARNING STA-0168] unknown field nets.
Startpoint: _22912_ (rising edge-triggered flip-flop clocked by clk)
Endpoint: _22912_ (rising edge-triggered flip-flop clocked by clk)
Path Group: clk
Path Type: max
Corner: tt

Fanout     Cap    Slew   Delay    Time   Description
-----------------------------------------------------------------------------
                  0.00    0.00    0.00   clock clk (rise edge)
                          0.00    0.00   clock network delay (ideal)
                  0.00    0.00    0.00 ^ _22912_/CLK (sg13g2_dfrbpq_1)
     2    0.01    0.03    0.16    0.16 ^ _22912_/Q (sg13g2_dfrbpq_1)
                  0.03    0.00    0.16 ^ _11412_/A1 (sg13g2_a21o_1)
     1    0.00    0.05    0.09    0.25 ^ _11412_/X (sg13g2_a21o_1)
                  0.05    0.00    0.25 ^ _22912_/D (sg13g2_dfrbpq_1)
                                  0.25   data arrival time

                  0.00 50000.00 50000.00   clock clk (rise edge)
                          0.00 50000.00   clock network delay (ideal)
                       -5000.00 45000.00   clock uncertainty
                          0.00 45000.00   clock reconvergence pessimism
                               45000.00 ^ _22912_/CLK (sg13g2_dfrbpq_1)
                         -0.13 44999.88   library setup time
                               44999.88   data required time
-----------------------------------------------------------------------------
                               44999.88   data required time
                                 -0.25   data arrival time
-----------------------------------------------------------------------------
                               44999.62   slack (MET)



==========================================================================
gpl-regfile.csv report_checks -unconstrained
--------------------------------------------------------------------------
[WARNING STA-0168] unknown field nets.
Startpoint: _22912_ (rising edge-triggered flip-flop clocked by clk)
Endpoint: _22912_ (rising edge-triggered flip-flop clocked by clk)
Path Group: clk
Path Type: max
Corner: tt

Fanout     Cap    Slew   Delay    Time   Description
-----------------------------------------------------------------------------
                  0.00    0.00    0.00   clock clk (rise edge)
                          0.00    0.00   clock network delay (ideal)
                  0.00    0.00    0.00 ^ _22912_/CLK (sg13g2_dfrbpq_1)
     2    0.01    0.03    0.16    0.16 ^ _22912_/Q (sg13g2_dfrbpq_1)
                  0.03    0.00    0.16 ^ _11412_/A1 (sg13g2_a21o_1)
     1    0.00    0.05    0.09    0.25 ^ _11412_/X (sg13g2_a21o_1)
                  0.05    0.00    0.25 ^ _22912_/D (sg13g2_dfrbpq_1)
                                  0.25   data arrival time

                  0.00 50000.00 50000.00   clock clk (rise edge)
                          0.00 50000.00   clock network delay (ideal)
                       -5000.00 45000.00   clock uncertainty
                          0.00 45000.00   clock reconvergence pessimism
                               45000.00 ^ _22912_/CLK (sg13g2_dfrbpq_1)
                         -0.13 44999.88   library setup time
                               44999.88   data required time
-----------------------------------------------------------------------------
                               44999.88   data required time
                                 -0.25   data arrival time
-----------------------------------------------------------------------------
                               44999.62   slack (MET)



==========================================================================
gpl-regfile.csv report_check_types -max_slew -max_cap -max_fanout -violators
--------------------------------------------------------------------------

==========================================================================
gpl-regfile.csv max_slew_check_slack
--------------------------------------------------------------------------
-1.4570220708847046

==========================================================================
gpl-regfile.csv max_slew_check_limit
--------------------------------------------------------------------------
2.5074000358581543

==========================================================================
gpl-regfile.csv max_slew_check_slack_limit
--------------------------------------------------------------------------
-0.5811

==========================================================================
gpl-regfile.csv max_fanout_check_slack
--------------------------------------------------------------------------
-120.0

==========================================================================
gpl-regfile.csv max_fanout_check_limit
--------------------------------------------------------------------------
8.0

==========================================================================
gpl-regfile.csv max_fanout_check_slack_limit
--------------------------------------------------------------------------
-15.0000

==========================================================================
gpl-regfile.csv max_capacitance_check_slack
--------------------------------------------------------------------------
-0.12783131003379822

==========================================================================
gpl-regfile.csv max_capacitance_check_limit
--------------------------------------------------------------------------
0.30000001192092896

==========================================================================
gpl-regfile.csv max_capacitance_check_slack_limit
--------------------------------------------------------------------------
-0.4261

==========================================================================
gpl-regfile.csv max_slew_violation_count
--------------------------------------------------------------------------
max slew violation count 645

==========================================================================
gpl-regfile.csv max_fanout_violation_count
--------------------------------------------------------------------------
max fanout violation count 101

==========================================================================
gpl-regfile.csv max_cap_violation_count
--------------------------------------------------------------------------
max cap violation count 40

==========================================================================
gpl-regfile.csv setup_violation_count
--------------------------------------------------------------------------
setup violation count 0

==========================================================================
gpl-regfile.csv hold_violation_count
--------------------------------------------------------------------------
hold violation count 0

==========================================================================
gpl-regfile.csv critical path delay
--------------------------------------------------------------------------
0.2499

==========================================================================
gpl-regfile.csv critical path slack
--------------------------------------------------------------------------
44999.6250

==========================================================================
gpl-regfile.csv slack div critical path delay
--------------------------------------------------------------------------
18007052.821128

==========================================================================
gpl-regfile.csv report_power tt
--------------------------------------------------------------------------
Group                  Internal  Switching    Leakage      Total
                          Power      Power      Power      Power (Watts)
----------------------------------------------------------------
Sequential             5.57e-06   1.64e-07   2.02e-06   7.75e-06  77.2%
Combinational          5.63e-07   1.48e-07   1.57e-06   2.28e-06  22.8%
Clock                  0.00e+00   0.00e+00   0.00e+00   0.00e+00   0.0%
Macro                  0.00e+00   0.00e+00   0.00e+00   0.00e+00   0.0%
Pad                    0.00e+00   0.00e+00   0.00e+00   0.00e+00   0.0%
----------------------------------------------------------------
Total                  6.13e-06   3.12e-07   3.60e-06   1.00e-05 100.0%
                          61.1%       3.1%      35.8%

==========================================================================
gpl-regfile.csv report_design_area
--------------------------------------------------------------------------

==========================================================================
gpl-regfile.csv area by hierarchy
--------------------------------------------------------------------------

--------------------------------------------------------------------------------
Design Area Summary
--------------------------------------------------------------------------------
Die Area:              441148.3561 um2
Core Area:             413628.768 um2
Total Area:            321749.3664 um2
Total Active Area:     321749.3664 um2

Core Utilization:      0.7778698951616441
Std Cell Utilization:  0.7778698951616441

--------------------------------------------------------------------------------
Hierarchical Area Report
--------------------------------------------------------------------------------
                                                                                Global Area (um^2)                                                              Global Instances                                                                Local Area (um^2)                                                               Local Instances
                                                                                ------------------------------------------------------------------------------- ------------------------------------------------------------------------------- ------------------------------------------------------------------------------- ----------------------------------------------------------------------------
Hierarchy Name                                                                  Total           StdCell         Macro           Cover           Pad             Total           StdCell         Macro           Cover           Pad             Total           StdCell         Macro           Cover           Pad             Total           StdCell         Macro           Cover           Pad             
-----------------------------------------------------------------------------------------------------------------------------------------------------------------------------------------------------------------------------------------------------------------------------------------------------------------------------------------------------------------------------------------------------------
<top>                                                                           321749.366      321749.366      0.000           0.000           0.000           14466           14466           0               0               0               321749.366      321749.366      0.000           0.000           0.000           14466           14466           0               0               0               
